Copyright 1986-2022 Xilinx, Inc. All Rights Reserved. Copyright 2022-2025 Advanced Micro Devices, Inc. All Rights Reserved.
---------------------------------------------------------------------------------------------------------------------------------------------
| Tool Version : Vivado v.2025.2 (lin64) Build 6299465 Fri Nov 14 12:34:56 MST 2025
| Date         : Wed Aug 12 16:17:35 2026
| Host         : thiyanand-Yoga-Slim-7-14IMH9 running 64-bit Ubuntu 24.04.4 LTS
| Command      : report_control_sets -verbose -file cpu_8bit_top_control_sets_placed.rpt
| Design       : cpu_8bit_top
| Device       : xc7a35t
---------------------------------------------------------------------------------------------------------------------------------------------

Control Set Information

Table of Contents
-----------------
1. Summary
2. Histogram
3. Flip-Flop Distribution
4. Detailed Control Set Information

1. Summary
----------

+----------------------------------------------------------+-------+
|                          Status                          | Count |
+----------------------------------------------------------+-------+
| Total control sets                                       |   268 |
|    Minimum number of control sets                        |   268 |
|    Addition due to synthesis replication                 |     0 |
|    Addition due to physical synthesis replication        |     0 |
| Unused register locations in slices containing registers |    19 |
+----------------------------------------------------------+-------+
* Control sets can be merged at opt_design using control_set_merge or merge_equivalent_drivers
** Run report_qor_suggestions for automated merging and remapping suggestions


2. Histogram
------------

+--------------------+-------+
|       Fanout       | Count |
+--------------------+-------+
| Total control sets |   268 |
| >= 0 to < 4        |     1 |
| >= 4 to < 6        |     1 |
| >= 6 to < 8        |     0 |
| >= 8 to < 10       |   264 |
| >= 10 to < 12      |     0 |
| >= 12 to < 14      |     0 |
| >= 14 to < 16      |     0 |
| >= 16              |     2 |
+--------------------+-------+
* Control sets can be remapped at either synth_design or opt_design


3. Flip-Flop Distribution
-------------------------

+--------------+-----------------------+------------------------+-----------------+--------------+
| Clock Enable | Synchronous Set/Reset | Asynchronous Set/Reset | Total Registers | Total Slices |
+--------------+-----------------------+------------------------+-----------------+--------------+
| No           | No                    | No                     |              25 |            7 |
| No           | No                    | Yes                    |              25 |            9 |
| No           | Yes                   | No                     |               0 |            0 |
| Yes          | No                    | No                     |            2048 |          722 |
| Yes          | No                    | Yes                    |              67 |           23 |
| Yes          | Yes                   | No                     |               0 |            0 |
+--------------+-----------------------+------------------------+-----------------+--------------+


4. Detailed Control Set Information
-----------------------------------

+-----------------------+-------------------------------+------------------+------------------+----------------+--------------+
|      Clock Signal     |         Enable Signal         | Set/Reset Signal | Slice Load Count | Bel Load Count | Bels / Slice |
+-----------------------+-------------------------------+------------------+------------------+----------------+--------------+
|  clk_cpu_BUFG         | loader/state[1]_i_1_n_0       | reset_sw_IBUF    |                1 |              3 |         3.00 |
|  clk_cpu_BUFG         |                               | reset_sw_IBUF    |                4 |              5 |         1.25 |
|  clk_cpu_BUFG         | mar_reg/data_reg_reg[1]_28    |                  |                1 |              8 |         8.00 |
|  clk_cpu_BUFG         | mar_reg/data_reg_reg[1]_27    |                  |                5 |              8 |         1.60 |
|  clk_cpu_BUFG         | mar_reg/data_reg_reg[0]_31    |                  |                2 |              8 |         4.00 |
|  clk_cpu_BUFG         | mar_reg/data_reg_reg[0]_30    |                  |                1 |              8 |         8.00 |
|  clk_cpu_BUFG         | mar_reg/data_reg_reg[0]_5     |                  |                3 |              8 |         2.67 |
|  clk_cpu_BUFG         | mar_reg/data_reg_reg[0]_4     |                  |                3 |              8 |         2.67 |
|  clk_cpu_BUFG         | mar_reg/data_reg_reg[0]_33    |                  |                1 |              8 |         8.00 |
|  clk_cpu_BUFG         | mar_reg/data_reg_reg[0]_6     |                  |                2 |              8 |         4.00 |
|  clk_cpu_BUFG         | mar_reg/data_reg_reg[0]_7     |                  |                3 |              8 |         2.67 |
|  clk_cpu_BUFG         | mar_reg/data_reg_reg[0]_8     |                  |                1 |              8 |         8.00 |
|  clk_cpu_BUFG         | mar_reg/data_reg_reg[0]_9     |                  |                2 |              8 |         4.00 |
|  clk_cpu_BUFG         | mar_reg/data_reg_reg[1]_0     |                  |                2 |              8 |         4.00 |
|  clk_cpu_BUFG         | mar_reg/data_reg_reg[0]_23    |                  |                2 |              8 |         4.00 |
|  clk_cpu_BUFG         | mar_reg/data_reg_reg[1]_10    |                  |                2 |              8 |         4.00 |
|  clk_cpu_BUFG         | mar_reg/data_reg_reg[1]_11    |                  |                2 |              8 |         4.00 |
|  clk_cpu_BUFG         | mar_reg/data_reg_reg[1]_12    |                  |                3 |              8 |         2.67 |
|  clk_cpu_BUFG         | mar_reg/data_reg_reg[1]_1     |                  |                4 |              8 |         2.00 |
|  clk_cpu_BUFG         | mar_reg/data_reg_reg[1]_21    |                  |                4 |              8 |         2.00 |
|  clk_cpu_BUFG         | mar_reg/data_reg_reg[2]_28    |                  |                1 |              8 |         8.00 |
|  clk_cpu_BUFG         | mar_reg/data_reg_reg[2]_44    |                  |                5 |              8 |         1.60 |
|  clk_cpu_BUFG         | mar_reg/data_reg_reg[1]_16    |                  |                2 |              8 |         4.00 |
|  clk_cpu_BUFG         | mar_reg/data_reg_reg[1]_2     |                  |                3 |              8 |         2.67 |
|  clk_cpu_BUFG         | mar_reg/data_reg_reg[1]_17    |                  |                2 |              8 |         4.00 |
|  clk_cpu_BUFG         | mar_reg/data_reg_reg[1]_18    |                  |                2 |              8 |         4.00 |
|  clk_cpu_BUFG         | mar_reg/data_reg_reg[1]_19    |                  |                1 |              8 |         8.00 |
|  clk_cpu_BUFG         | mar_reg/data_reg_reg[1]_20    |                  |                2 |              8 |         4.00 |
|  clk_cpu_BUFG         | mar_reg/data_reg_reg[1]_14    |                  |                3 |              8 |         2.67 |
|  clk_cpu_BUFG         | mar_reg/data_reg_reg[1]_23    |                  |                2 |              8 |         4.00 |
|  clk_cpu_BUFG         | mar_reg/data_reg_reg[1]_22    |                  |                1 |              8 |         8.00 |
|  clk_cpu_BUFG         | mar_reg/data_reg_reg[1]_15    |                  |                4 |              8 |         2.00 |
|  clk_cpu_BUFG         | mar_reg/data_reg_reg[1]_24    |                  |                2 |              8 |         4.00 |
|  clk_cpu_BUFG         | mar_reg/data_reg_reg[1]_25    |                  |                2 |              8 |         4.00 |
|  clk_cpu_BUFG         | mar_reg/data_reg_reg[1]_29    |                  |                2 |              8 |         4.00 |
|  clk_cpu_BUFG         | mar_reg/data_reg_reg[1]_26    |                  |                4 |              8 |         2.00 |
|  clk_cpu_BUFG         | mar_reg/data_reg_reg[0]_14    |                  |                3 |              8 |         2.67 |
|  clk_cpu_BUFG         | mar_reg/data_reg_reg[0]_1     |                  |                1 |              8 |         8.00 |
|  clk_cpu_BUFG         | mar_reg/data_reg_reg[0]_12    |                  |                1 |              8 |         8.00 |
|  clk_cpu_BUFG         | mar_reg/data_reg_reg[0]_10    |                  |                1 |              8 |         8.00 |
|  clk_cpu_BUFG         | mar_reg/data_reg_reg[0]_11    |                  |                2 |              8 |         4.00 |
|  clk_cpu_BUFG         | mar_reg/data_reg_reg[0]_16    |                  |                2 |              8 |         4.00 |
|  clk_cpu_BUFG         | mar_reg/data_reg_reg[0]_13    |                  |                1 |              8 |         8.00 |
|  clk_cpu_BUFG         | mar_reg/data_reg_reg[0]_17    |                  |                1 |              8 |         8.00 |
|  clk_cpu_BUFG         | mar_reg/data_reg_reg[0]_15    |                  |                3 |              8 |         2.67 |
|  clk_cpu_BUFG         | mar_reg/data_reg_reg[0]_0     |                  |                5 |              8 |         1.60 |
|  clk_cpu_BUFG         | mar_reg/data_reg_reg[5]_8     |                  |                3 |              8 |         2.67 |
|  clk_cpu_BUFG         | mar_reg/data_reg_reg[7]_52    |                  |                3 |              8 |         2.67 |
|  clk_cpu_BUFG         | mar_reg/data_reg_reg[7]_31    |                  |                3 |              8 |         2.67 |
|  clk_cpu_BUFG         | mar_reg/data_reg_reg[7]_32    |                  |                2 |              8 |         4.00 |
|  clk_cpu_BUFG         | mar_reg/data_reg_reg[7]_33    |                  |                2 |              8 |         4.00 |
|  clk_cpu_BUFG         | mar_reg/data_reg_reg[7]_35    |                  |                4 |              8 |         2.00 |
|  clk_cpu_BUFG         | mar_reg/data_reg_reg[7]_36    |                  |                2 |              8 |         4.00 |
|  clk_cpu_BUFG         | mar_reg/data_reg_reg[1]_13    |                  |                1 |              8 |         8.00 |
|  clk_cpu_BUFG         | mar_reg/data_reg_reg[0]_32    |                  |                3 |              8 |         2.67 |
|  clk_cpu_BUFG         | mar_reg/data_reg_reg[0]_3     |                  |                4 |              8 |         2.00 |
|  clk_cpu_BUFG         | mar_reg/data_reg_reg[0]_29    |                  |                2 |              8 |         4.00 |
|  clk_cpu_BUFG         | mar_reg/data_reg_reg[0]_26    |                  |                2 |              8 |         4.00 |
|  clk_cpu_BUFG         | mar_reg/data_reg_reg[0]_28    |                  |                4 |              8 |         2.00 |
|  clk_cpu_BUFG         | mar_reg/data_reg_reg[0]_27    |                  |                2 |              8 |         4.00 |
|  clk_cpu_BUFG         | mar_reg/data_reg_reg[0]_24    |                  |                1 |              8 |         8.00 |
|  clk_cpu_BUFG         | mar_reg/data_reg_reg[0]_25    |                  |                2 |              8 |         4.00 |
|  clk_cpu_BUFG         | mar_reg/data_reg_reg[0]_22    |                  |                5 |              8 |         1.60 |
|  clk_cpu_BUFG         | mar_reg/data_reg_reg[0]_2     |                  |                4 |              8 |         2.00 |
|  clk_cpu_BUFG         | mar_reg/data_reg_reg[0]_20    |                  |                5 |              8 |         1.60 |
|  clk_cpu_BUFG         | mar_reg/data_reg_reg[0]_18    |                  |                4 |              8 |         2.00 |
|  clk_cpu_BUFG         | mar_reg/data_reg_reg[0]_21    |                  |                5 |              8 |         1.60 |
|  clk_cpu_BUFG         | mar_reg/data_reg_reg[0]_19    |                  |                5 |              8 |         1.60 |
|  clk_cpu_BUFG         | mar_reg/data_reg_reg[2]_23    |                  |                5 |              8 |         1.60 |
|  clk_cpu_BUFG         | mar_reg/data_reg_reg[7]_15    |                  |                7 |              8 |         1.14 |
|  clk_cpu_BUFG         | micro_ctrl/data_reg_reg[6][0] | reset_sw_IBUF    |                2 |              8 |         4.00 |
|  clk_cpu_BUFG         | ir_reg/data_reg_reg[7]_1[0]   | reset_sw_IBUF    |                1 |              8 |         8.00 |
|  clk_cpu_BUFG         | ir_reg/data_reg_reg[7]_2[0]   | reset_sw_IBUF    |                3 |              8 |         2.67 |
|  clk_cpu_BUFG         | mar_reg/data_reg_reg[7]_18    |                  |                2 |              8 |         4.00 |
|  clk_cpu_BUFG         | mar_reg/data_reg_reg[7]_50    |                  |                2 |              8 |         4.00 |
|  clk_cpu_BUFG         | mar_reg/data_reg_reg[7]_5     |                  |                2 |              8 |         4.00 |
|  clk_cpu_BUFG         | mar_reg/data_reg_reg[7]_41    |                  |                2 |              8 |         4.00 |
|  clk_cpu_BUFG         | mar_reg/data_reg_reg[6]_11    |                  |                6 |              8 |         1.33 |
|  clk_cpu_BUFG         | mar_reg/data_reg_reg[7]_53    |                  |                4 |              8 |         2.00 |
|  clk_cpu_BUFG         | mar_reg/data_reg_reg[7]_14    |                  |                3 |              8 |         2.67 |
|  clk_cpu_BUFG         | mar_reg/data_reg_reg[6]_12    |                  |                5 |              8 |         1.60 |
|  clk_cpu_BUFG         | mar_reg/data_reg_reg[6]_13    |                  |                5 |              8 |         1.60 |
|  clk_cpu_BUFG         | loader/E[0]                   | reset_sw_IBUF    |                2 |              8 |         4.00 |
|  clk_cpu_BUFG         | loader/rom_addr[7]_i_1_n_0    | reset_sw_IBUF    |                3 |              8 |         2.67 |
|  clk_cpu_BUFG         | mar_reg/data_reg_reg[2]_46    |                  |                2 |              8 |         4.00 |
|  clk_cpu_BUFG         | mar_reg/data_reg_reg[2]_47    |                  |                3 |              8 |         2.67 |
|  clk_cpu_BUFG         | mar_reg/data_reg_reg[2]_45    |                  |                3 |              8 |         2.67 |
|  clk_cpu_BUFG         | mar_reg/data_reg_reg[1]_7     |                  |                1 |              8 |         8.00 |
|  clk_cpu_BUFG         | mar_reg/data_reg_reg[7]_54    |                  |                2 |              8 |         4.00 |
|  clk_cpu_BUFG         | mar_reg/data_reg_reg[6]_10    |                  |                7 |              8 |         1.14 |
|  clk_cpu_BUFG         | mar_reg/data_reg_reg[1]_5     |                  |                5 |              8 |         1.60 |
|  clk_cpu_BUFG         | ir_reg/E[0]                   | reset_sw_IBUF    |                5 |              8 |         1.60 |
|  clk_cpu_BUFG         | mar_reg/data_reg_reg[7]_17    |                  |                3 |              8 |         2.67 |
|  clk_cpu_BUFG         | mar_reg/data_reg_reg[7]_16    |                  |                3 |              8 |         2.67 |
|  clk_cpu_BUFG         | mar_reg/data_reg_reg[7]_6     |                  |                1 |              8 |         8.00 |
|  clk_cpu_BUFG         | mar_reg/data_reg_reg[7]_9     |                  |                8 |              8 |         1.00 |
|  clk_cpu_BUFG         | mar_reg/data_reg_reg[7]_7     |                  |                2 |              8 |         4.00 |
|  clk_cpu_BUFG         | mar_reg/data_reg_reg[7]_8     |                  |                2 |              8 |         4.00 |
|  clk_cpu_BUFG         | mar_reg/data_reg_reg[4]_18    |                  |                6 |              8 |         1.33 |
|  clk_cpu_BUFG         | mar_reg/data_reg_reg[7]_42    |                  |                8 |              8 |         1.00 |
|  clk_cpu_BUFG         | mar_reg/data_reg_reg[2]_5     |                  |                4 |              8 |         2.00 |
|  clk_cpu_BUFG         | mar_reg/data_reg_reg[2]_48    |                  |                2 |              8 |         4.00 |
|  clk_cpu_BUFG         | mar_reg/data_reg_reg[1]_4     |                  |                2 |              8 |         4.00 |
|  clk_cpu_BUFG         | mar_reg/data_reg_reg[2]_42    |                  |                4 |              8 |         2.00 |
|  clk_cpu_BUFG         | mar_reg/data_reg_reg[2]_4     |                  |                5 |              8 |         1.60 |
|  clk_cpu_BUFG         | mar_reg/data_reg_reg[2]_43    |                  |                2 |              8 |         4.00 |
|  clk_cpu_BUFG         | mar_reg/data_reg_reg[1]_3     |                  |                2 |              8 |         4.00 |
|  clk_cpu_BUFG         | mar_reg/data_reg_reg[1]_31    |                  |                4 |              8 |         2.00 |
|  clk_cpu_BUFG         | mar_reg/data_reg_reg[1]_32    |                  |                2 |              8 |         4.00 |
|  clk_cpu_BUFG         | mar_reg/data_reg_reg[2]_21    |                  |                4 |              8 |         2.00 |
|  clk_cpu_BUFG         | mar_reg/data_reg_reg[1]_33    |                  |                2 |              8 |         4.00 |
|  clk_cpu_BUFG         | mar_reg/data_reg_reg[2]_40    |                  |                4 |              8 |         2.00 |
|  clk_cpu_BUFG         | mar_reg/data_reg_reg[1]_30    |                  |                1 |              8 |         8.00 |
|  clk_cpu_BUFG         | mar_reg/data_reg_reg[2]_22    |                  |                1 |              8 |         8.00 |
|  clk_cpu_BUFG         | mar_reg/data_reg_reg[2]_24    |                  |                1 |              8 |         8.00 |
|  clk_cpu_BUFG         | mar_reg/data_reg_reg[2]_25    |                  |                3 |              8 |         2.67 |
|  clk_cpu_BUFG         | mar_reg/data_reg_reg[2]_29    |                  |                3 |              8 |         2.67 |
|  clk_cpu_BUFG         | mar_reg/data_reg_reg[2]_26    |                  |                1 |              8 |         8.00 |
|  clk_cpu_BUFG         | mar_reg/data_reg_reg[7]_37    |                  |                1 |              8 |         8.00 |
|  clk_cpu_BUFG         | mar_reg/data_reg_reg[2]_27    |                  |                1 |              8 |         8.00 |
|  clk_cpu_BUFG         | mar_reg/data_reg_reg[2]_37    |                  |                3 |              8 |         2.67 |
|  clk_cpu_BUFG         | mar_reg/data_reg_reg[2]_41    |                  |                2 |              8 |         4.00 |
|  clk_cpu_BUFG         | mar_reg/data_reg_reg[2]_39    |                  |                2 |              8 |         4.00 |
|  clk_cpu_BUFG         | mar_reg/data_reg_reg[2]_34    |                  |                2 |              8 |         4.00 |
|  clk_cpu_BUFG         | mar_reg/data_reg_reg[2]_38    |                  |                1 |              8 |         8.00 |
|  clk_cpu_BUFG         | mar_reg/data_reg_reg[2]_35    |                  |                2 |              8 |         4.00 |
|  clk_cpu_BUFG         | mar_reg/data_reg_reg[2]_31    |                  |                2 |              8 |         4.00 |
|  clk_cpu_BUFG         | mar_reg/data_reg_reg[2]_32    |                  |                2 |              8 |         4.00 |
|  clk_cpu_BUFG         | mar_reg/data_reg_reg[2]_33    |                  |                3 |              8 |         2.67 |
|  clk_cpu_BUFG         | mar_reg/data_reg_reg[2]_36    |                  |                1 |              8 |         8.00 |
|  clk_cpu_BUFG         | mar_reg/data_reg_reg[6]_0     |                  |                2 |              8 |         4.00 |
|  clk_cpu_BUFG         | mar_reg/data_reg_reg[6]_1     |                  |                3 |              8 |         2.67 |
|  clk_cpu_BUFG         | mar_reg/data_reg_reg[4]_22    |                  |                2 |              8 |         4.00 |
|  clk_cpu_BUFG         | mar_reg/data_reg_reg[5]_7     |                  |                4 |              8 |         2.00 |
|  clk_cpu_BUFG         | mar_reg/data_reg_reg[2]_3     |                  |                2 |              8 |         4.00 |
|  clk_cpu_BUFG         | mar_reg/data_reg_reg[3]_8     |                  |                1 |              8 |         8.00 |
|  clk_cpu_BUFG         | mar_reg/data_reg_reg[4]_13    |                  |                5 |              8 |         1.60 |
|  clk_cpu_BUFG         | mar_reg/data_reg_reg[4]_14    |                  |                5 |              8 |         1.60 |
|  clk_cpu_BUFG         | mar_reg/data_reg_reg[4]_12    |                  |                8 |              8 |         1.00 |
|  clk_cpu_BUFG         | mar_reg/data_reg_reg[4]_15    |                  |                4 |              8 |         2.00 |
|  clk_cpu_BUFG         | mar_reg/data_reg_reg[4]_16    |                  |                3 |              8 |         2.67 |
|  clk_cpu_BUFG         | mar_reg/data_reg_reg[4]_19    |                  |                1 |              8 |         8.00 |
|  clk_cpu_BUFG         | mar_reg/data_reg_reg[4]_17    |                  |                1 |              8 |         8.00 |
|  clk_cpu_BUFG         | mar_reg/data_reg_reg[3]_7     |                  |                5 |              8 |         1.60 |
|  clk_cpu_BUFG         | mar_reg/data_reg_reg[3]_2     |                  |                2 |              8 |         4.00 |
|  clk_cpu_BUFG         | mar_reg/data_reg_reg[3]_9     |                  |                1 |              8 |         8.00 |
|  clk_cpu_BUFG         | mar_reg/data_reg_reg[4]_0     |                  |                2 |              8 |         4.00 |
|  clk_cpu_BUFG         | mar_reg/data_reg_reg[4]_1     |                  |                3 |              8 |         2.67 |
|  clk_cpu_BUFG         | mar_reg/data_reg_reg[2]_13    |                  |                1 |              8 |         8.00 |
|  clk_cpu_BUFG         | mar_reg/data_reg_reg[2]_14    |                  |                4 |              8 |         2.00 |
|  clk_cpu_BUFG         | mar_reg/data_reg_reg[2]_16    |                  |                2 |              8 |         4.00 |
|  clk_cpu_BUFG         | mar_reg/data_reg_reg[2]_17    |                  |                1 |              8 |         8.00 |
|  clk_cpu_BUFG         | mar_reg/data_reg_reg[2]_15    |                  |                5 |              8 |         1.60 |
|  clk_cpu_BUFG         | mar_reg/data_reg_reg[3]_5     |                  |                1 |              8 |         8.00 |
|  clk_cpu_BUFG         | mar_reg/data_reg_reg[3]_4     |                  |                4 |              8 |         2.00 |
|  clk_cpu_BUFG         | mar_reg/data_reg_reg[3]_3     |                  |                1 |              8 |         8.00 |
|  clk_cpu_BUFG         | mar_reg/data_reg_reg[3]_12    |                  |                2 |              8 |         4.00 |
|  clk_cpu_BUFG         | mar_reg/data_reg_reg[3]_13    |                  |                1 |              8 |         8.00 |
|  clk_cpu_BUFG         | mar_reg/data_reg_reg[3]_11    |                  |                1 |              8 |         8.00 |
|  clk_cpu_BUFG         | mar_reg/data_reg_reg[2]_6     |                  |                6 |              8 |         1.33 |
|  clk_cpu_BUFG         | mar_reg/data_reg_reg[3]_10    |                  |                4 |              8 |         2.00 |
|  clk_cpu_BUFG         | mar_reg/data_reg_reg[3]_1     |                  |                2 |              8 |         4.00 |
|  clk_cpu_BUFG         | mar_reg/data_reg_reg[3]_0     |                  |                3 |              8 |         2.67 |
|  clk_cpu_BUFG         | mar_reg/data_reg_reg[2]_9     |                  |                1 |              8 |         8.00 |
|  clk_cpu_BUFG         | mar_reg/data_reg_reg[2]_8     |                  |                1 |              8 |         8.00 |
|  clk_cpu_BUFG         | mar_reg/data_reg_reg[2]_7     |                  |                1 |              8 |         8.00 |
|  clk_cpu_BUFG         | mar_reg/data_reg_reg[4]_20    |                  |                3 |              8 |         2.67 |
|  clk_cpu_BUFG         | mar_reg/data_reg_reg[7]_56    |                  |                8 |              8 |         1.00 |
|  clk_cpu_BUFG         | mar_reg/data_reg_reg[1]_8     |                  |                5 |              8 |         1.60 |
|  clk_cpu_BUFG         | mar_reg/data_reg_reg[7]_11    |                  |                1 |              8 |         8.00 |
|  clk_cpu_BUFG         | mar_reg/data_reg_reg[7]_12    |                  |                2 |              8 |         4.00 |
|  clk_cpu_BUFG         | mar_reg/data_reg_reg[7]_13    |                  |                2 |              8 |         4.00 |
|  clk_cpu_BUFG         | mar_reg/data_reg_reg[7]_10    |                  |                2 |              8 |         4.00 |
|  clk_cpu_BUFG         | mar_reg/data_reg_reg[7]_40    |                  |                3 |              8 |         2.67 |
|  clk_cpu_BUFG         | mar_reg/data_reg_reg[4]_10    |                  |                3 |              8 |         2.67 |
|  clk_cpu_BUFG         | mar_reg/data_reg_reg[3]_6     |                  |                3 |              8 |         2.67 |
|  clk_cpu_BUFG         | mar_reg/data_reg_reg[4]_11    |                  |                2 |              8 |         4.00 |
|  clk_cpu_BUFG         | mar_reg/data_reg_reg[7]_0     |                  |                3 |              8 |         2.67 |
|  clk_cpu_BUFG         | mar_reg/data_reg_reg[1]_9     |                  |                1 |              8 |         8.00 |
|  clk_cpu_BUFG         | mar_reg/data_reg_reg[2]_0     |                  |                2 |              8 |         4.00 |
|  clk_cpu_BUFG         | mar_reg/data_reg_reg[2]_1     |                  |                3 |              8 |         2.67 |
|  clk_cpu_BUFG         | mar_reg/data_reg_reg[2]_11    |                  |                3 |              8 |         2.67 |
|  clk_cpu_BUFG         | mar_reg/data_reg_reg[2]_12    |                  |                1 |              8 |         8.00 |
|  clk_cpu_BUFG         | mar_reg/data_reg_reg[2]_10    |                  |                5 |              8 |         1.60 |
|  clk_cpu_BUFG         | micro_ctrl/E[0]               | reset_sw_IBUF    |                4 |              8 |         2.00 |
|  clk_cpu_BUFG         | mar_reg/data_reg_reg[7]_38    |                  |                1 |              8 |         8.00 |
|  clk_cpu_BUFG         | mar_reg/data_reg_reg[7]_1     |                  |                8 |              8 |         1.00 |
|  clk_cpu_BUFG         | mar_reg/data_reg_reg[6]_9     |                  |                8 |              8 |         1.00 |
|  clk_cpu_BUFG         | mar_reg/data_reg_reg[6]_5     |                  |                3 |              8 |         2.67 |
|  clk_cpu_BUFG         | mar_reg/data_reg_reg[6]_8     |                  |                6 |              8 |         1.33 |
|  clk_cpu_BUFG         | mar_reg/data_reg_reg[6]_7     |                  |                2 |              8 |         4.00 |
|  clk_cpu_BUFG         | mar_reg/data_reg_reg[6]_6     |                  |                2 |              8 |         4.00 |
|  clk_cpu_BUFG         | mar_reg/data_reg_reg[6]_3     |                  |                2 |              8 |         4.00 |
|  clk_cpu_BUFG         | mar_reg/data_reg_reg[6]_4     |                  |                2 |              8 |         4.00 |
|  clk_cpu_BUFG         | mar_reg/data_reg_reg[6]_2     |                  |                3 |              8 |         2.67 |
|  clk_cpu_BUFG         | mar_reg/data_reg_reg[6]_16    |                  |                2 |              8 |         4.00 |
|  clk_cpu_BUFG         | mar_reg/data_reg_reg[6]_15    |                  |                2 |              8 |         4.00 |
|  clk_cpu_BUFG         | mar_reg/data_reg_reg[6]_14    |                  |                2 |              8 |         4.00 |
|  clk_cpu_BUFG         | mar_reg/data_reg_reg[2]_2     |                  |                5 |              8 |         1.60 |
|  clk_cpu_BUFG         | mar_reg/data_reg_reg[2]_19    |                  |                1 |              8 |         8.00 |
|  clk_cpu_BUFG         | mar_reg/data_reg_reg[2]_18    |                  |                3 |              8 |         2.67 |
|  clk_cpu_BUFG         | mar_reg/data_reg_reg[5]_0     |                  |                2 |              8 |         4.00 |
|  clk_cpu_BUFG         | mar_reg/data_reg_reg[7]_28    |                  |                1 |              8 |         8.00 |
|  clk_cpu_BUFG         | mar_reg/data_reg_reg[7]_29    |                  |                1 |              8 |         8.00 |
|  clk_cpu_BUFG         | mar_reg/data_reg_reg[7]_22    |                  |                2 |              8 |         4.00 |
|  clk_cpu_BUFG         | mar_reg/data_reg_reg[7]_3     |                  |                3 |              8 |         2.67 |
|  clk_cpu_BUFG         | mar_reg/data_reg_reg[4]_6     |                  |                4 |              8 |         2.00 |
|  clk_cpu_BUFG         | mar_reg/data_reg_reg[4]_7     |                  |                6 |              8 |         1.33 |
|  clk_cpu_BUFG         | mar_reg/data_reg_reg[4]_9     |                  |                3 |              8 |         2.67 |
|  clk_cpu_BUFG         | mar_reg/data_reg_reg[5]_12    |                  |                1 |              8 |         8.00 |
|  clk_cpu_BUFG         | mar_reg/data_reg_reg[7]_26    |                  |                1 |              8 |         8.00 |
|  clk_cpu_BUFG         | mar_reg/data_reg_reg[5]_1     |                  |                4 |              8 |         2.00 |
|  clk_cpu_BUFG         | mar_reg/data_reg_reg[4]_8     |                  |                3 |              8 |         2.67 |
|  clk_cpu_BUFG         | mar_reg/data_reg_reg[5]_10    |                  |                3 |              8 |         2.67 |
|  clk_cpu_BUFG         | mar_reg/data_reg_reg[5]_15    |                  |                2 |              8 |         4.00 |
|  clk_cpu_BUFG         | mar_reg/data_reg_reg[5]_13    |                  |                6 |              8 |         1.33 |
|  clk_cpu_BUFG         | mar_reg/data_reg_reg[5]_11    |                  |                8 |              8 |         1.00 |
|  clk_cpu_BUFG         | mar_reg/data_reg_reg[5]_2     |                  |                2 |              8 |         4.00 |
|  clk_cpu_BUFG         | mar_reg/data_reg_reg[7]_46    |                  |                2 |              8 |         4.00 |
|  clk_cpu_BUFG         | mar_reg/data_reg_reg[7]_27    |                  |                1 |              8 |         8.00 |
|  clk_cpu_BUFG         | mar_reg/data_reg_reg[7]_25    |                  |                4 |              8 |         2.00 |
|  clk_cpu_BUFG         | mar_reg/data_reg_reg[7]_34    |                  |                3 |              8 |         2.67 |
|  clk_cpu_BUFG         | mar_reg/data_reg_reg[7]_24    |                  |                3 |              8 |         2.67 |
|  clk_cpu_BUFG         | mar_reg/data_reg_reg[7]_20    |                  |                2 |              8 |         4.00 |
|  clk_cpu_BUFG         | mar_reg/data_reg_reg[7]_21    |                  |                6 |              8 |         1.33 |
|  clk_cpu_BUFG         | mar_reg/data_reg_reg[5]_9     |                  |                3 |              8 |         2.67 |
|  clk_cpu_BUFG         | mar_reg/data_reg_reg[7]_19    |                  |                3 |              8 |         2.67 |
|  clk_cpu_BUFG         | mar_reg/data_reg_reg[7]_23    |                  |                2 |              8 |         4.00 |
|  clk_cpu_BUFG         | mar_reg/data_reg_reg[7]_2     |                  |                8 |              8 |         1.00 |
|  clk_cpu_BUFG         | mar_reg/data_reg_reg[5]_6     |                  |                4 |              8 |         2.00 |
|  clk_cpu_BUFG         | mar_reg/data_reg_reg[7]_51    |                  |                3 |              8 |         2.67 |
|  clk_cpu_BUFG         | mar_reg/data_reg_reg[7]_30    |                  |                5 |              8 |         1.60 |
|  clk_cpu_BUFG         | mar_reg/data_reg_reg[7]_4     |                  |                2 |              8 |         4.00 |
|  clk_cpu_BUFG         | mar_reg/data_reg_reg[7]_39    |                  |                1 |              8 |         8.00 |
|  clk_cpu_BUFG         | mar_reg/data_reg_reg[5]_3     |                  |                3 |              8 |         2.67 |
|  clk_cpu_BUFG         | mar_reg/data_reg_reg[7]_55    |                  |                2 |              8 |         4.00 |
|  clk_cpu_BUFG         | mar_reg/data_reg_reg[7]_48    |                  |                2 |              8 |         4.00 |
|  clk_cpu_BUFG         | mar_reg/data_reg_reg[7]_45    |                  |                3 |              8 |         2.67 |
|  clk_cpu_BUFG         | mar_reg/data_reg_reg[7]_44    |                  |                2 |              8 |         4.00 |
|  clk_cpu_BUFG         | mar_reg/data_reg_reg[1]_6     |                  |                4 |              8 |         2.00 |
|  clk_cpu_BUFG         | mar_reg/data_reg_reg[7]_49    |                  |                2 |              8 |         4.00 |
|  clk_cpu_BUFG         | mar_reg/data_reg_reg[7]_47    |                  |                1 |              8 |         8.00 |
|  clk_cpu_BUFG         | mar_reg/data_reg_reg[7]_43    |                  |                1 |              8 |         8.00 |
|  clk_cpu_BUFG         | loader/out_bus[7]_i_1_n_0     | reset_sw_IBUF    |                2 |              8 |         4.00 |
|  clk_cpu_BUFG         | mar_reg/data_reg_reg[2]_30    |                  |                2 |              8 |         4.00 |
|  clk_cpu_BUFG         | mar_reg/data_reg_reg[2]_20    |                  |                1 |              8 |         8.00 |
|  clk_cpu_BUFG         | mar_reg/data_reg_reg[4]_2     |                  |                2 |              8 |         4.00 |
|  clk_cpu_BUFG         | mar_reg/data_reg_reg[4]_32    |                  |                2 |              8 |         4.00 |
|  clk_cpu_BUFG         | mar_reg/data_reg_reg[4]_31    |                  |                4 |              8 |         2.00 |
|  clk_cpu_BUFG         | mar_reg/data_reg_reg[4]_4     |                  |                2 |              8 |         4.00 |
|  clk_cpu_BUFG         | mar_reg/data_reg_reg[4]_30    |                  |                7 |              8 |         1.14 |
|  clk_cpu_BUFG         | mar_reg/data_reg_reg[5]_5     |                  |                4 |              8 |         2.00 |
|  clk_cpu_BUFG         | mar_reg/data_reg_reg[5]_14    |                  |                1 |              8 |         8.00 |
|  clk_cpu_BUFG         | mar_reg/data_reg_reg[5]_4     |                  |                1 |              8 |         8.00 |
|  clk_cpu_BUFG         | mar_reg/data_reg_reg[4]_23    |                  |                1 |              8 |         8.00 |
|  clk_cpu_BUFG         | mar_reg/data_reg_reg[4]_24    |                  |                1 |              8 |         8.00 |
|  clk_cpu_BUFG         | mar_reg/data_reg_reg[4]_21    |                  |                2 |              8 |         4.00 |
|  clk_cpu_BUFG         | mar_reg/data_reg_reg[4]_25    |                  |                2 |              8 |         4.00 |
|  clk_cpu_BUFG         | mar_reg/data_reg_reg[4]_26    |                  |                2 |              8 |         4.00 |
|  clk_cpu_BUFG         | mar_reg/data_reg_reg[4]_3     |                  |                2 |              8 |         4.00 |
|  clk_cpu_BUFG         | mar_reg/data_reg_reg[4]_28    |                  |                7 |              8 |         1.14 |
|  clk_cpu_BUFG         | mar_reg/data_reg_reg[4]_29    |                  |                4 |              8 |         2.00 |
|  clk_cpu_BUFG         | mar_reg/data_reg_reg[4]_27    |                  |                5 |              8 |         1.60 |
|  clk_cpu_BUFG         | mar_reg/data_reg_reg[4]_5     |                  |                6 |              8 |         1.33 |
|  clk_cpu_BUFG         | mar_reg/data_reg_reg[4]_33    |                  |                2 |              8 |         4.00 |
|  clk_cpu_BUFG         | mar_reg/data_reg_reg[4]_34    |                  |                2 |              8 |         4.00 |
|  clk_100MHz_IBUF_BUFG |                               | reset_sw_IBUF    |                5 |             20 |         4.00 |
|  clk_100MHz_IBUF_BUFG |                               |                  |                7 |             25 |         3.57 |
+-----------------------+-------------------------------+------------------+------------------+----------------+--------------+


