
*** Running vivado
    with args -log cpu_8bit_top.vdi -applog -m64 -product Vivado -messageDb vivado.pb -mode batch -source cpu_8bit_top.tcl -notrace


****** Vivado v2025.2 (64-bit)
  **** SW Build 6299465 on Fri Nov 14 12:34:56 MST 2025
  **** IP Build 6300035 on Fri Nov 14 10:48:45 MST 2025
  **** SharedData Build 6298862 on Thu Nov 13 04:50:51 MST 2025
  **** Start of session at: Wed Aug 12 16:17:18 2026
    ** Copyright 1986-2022 Xilinx, Inc. All Rights Reserved.
    ** Copyright 2022-2025 Advanced Micro Devices, Inc. All Rights Reserved.

source cpu_8bit_top.tcl -notrace
Command: link_design -top cpu_8bit_top -part xc7a35tcpg236-1
Design is defaulting to srcset: sources_1
Design is defaulting to constrset: constrs_1
INFO: [Device 21-403] Loading part xc7a35tcpg236-1
Netlist sorting complete. Time (s): cpu = 00:00:00.01 ; elapsed = 00:00:00 . Memory (MB): peak = 1726.172 ; gain = 0.000 ; free physical = 2137 ; free virtual = 11807
INFO: [Netlist 29-17] Analyzing 422 Unisim elements for replacement
INFO: [Netlist 29-28] Unisim Transformation completed in 0 CPU seconds
WARNING: [Netlist 29-101] Netlist 'cpu_8bit_top' is not ideal for floorplanning, since the cellview 'sram_256byte' contains a large number of primitives.  Please consider enabling hierarchy in synthesis if you want to do floorplanning.
INFO: [Project 1-479] Netlist was created with Vivado 2025.2
INFO: [Project 1-570] Preparing netlist for logic optimization
Parsing XDC File [/home/thiyanand/Documents/XilinxProjects/project_2_8BitCpu/project_2_8BitCpu.srcs/constrs_1/new/basys3.xdc]
Finished Parsing XDC File [/home/thiyanand/Documents/XilinxProjects/project_2_8BitCpu/project_2_8BitCpu.srcs/constrs_1/new/basys3.xdc]
INFO: [Opt 31-138] Pushed 0 inverter(s) to 0 load pin(s).
Netlist sorting complete. Time (s): cpu = 00:00:00 ; elapsed = 00:00:00 . Memory (MB): peak = 1922.684 ; gain = 0.000 ; free physical = 2019 ; free virtual = 11689
INFO: [Project 1-111] Unisim Transformation Summary:
No Unisim elements were transformed.

7 Infos, 1 Warnings, 0 Critical Warnings and 0 Errors encountered.
link_design completed successfully
Command: opt_design
Attempting to get a license for feature 'Implementation' and/or device 'xc7a35t'
INFO: [Common 17-349] Got license for feature 'Implementation' and/or device 'xc7a35t'
Running DRC as a precondition to command opt_design

Starting DRC Task
INFO: [DRC 23-27] Running DRC with 8 threads
INFO: [Project 1-461] DRC finished with 0 Errors
INFO: [Project 1-462] Please refer to the DRC report (report_drc) for more information.

Time (s): cpu = 00:00:01 ; elapsed = 00:00:00.55 . Memory (MB): peak = 2001.855 ; gain = 75.168 ; free physical = 1982 ; free virtual = 11651

Starting Cache Timing Information Task
INFO: [Timing 38-35] Done setting XDC timing constraints.
Ending Cache Timing Information Task | Checksum: 1eba1c925

Time (s): cpu = 00:00:03 ; elapsed = 00:00:03 . Memory (MB): peak = 2451.684 ; gain = 449.828 ; free physical = 1576 ; free virtual = 11254

Starting Logic Optimization Task

Phase 1 Initialization

Phase 1.1 Core Generation And Design Setup
Phase 1.1 Core Generation And Design Setup | Checksum: 1eba1c925

Time (s): cpu = 00:00:00 ; elapsed = 00:00:00 . Memory (MB): peak = 2833.434 ; gain = 0.000 ; free physical = 1203 ; free virtual = 10879

Phase 1.2 Setup Constraints And Sort Netlist
Phase 1.2 Setup Constraints And Sort Netlist | Checksum: 1eba1c925

Time (s): cpu = 00:00:00 ; elapsed = 00:00:00 . Memory (MB): peak = 2833.434 ; gain = 0.000 ; free physical = 1207 ; free virtual = 10883
Phase 1 Initialization | Checksum: 1eba1c925

Time (s): cpu = 00:00:00.01 ; elapsed = 00:00:00.01 . Memory (MB): peak = 2833.434 ; gain = 0.000 ; free physical = 1207 ; free virtual = 10883

Phase 2 Timer Update And Timing Data Collection

Phase 2.1 Detect if minReqCache needed
Phase 2.1 Detect if minReqCache needed | Checksum: 1eba1c925

Time (s): cpu = 00:00:00.01 ; elapsed = 00:00:00.01 . Memory (MB): peak = 2833.434 ; gain = 0.000 ; free physical = 1207 ; free virtual = 10883

Phase 2.2 Timer Update
Phase 2.2 Timer Update | Checksum: 1eba1c925

Time (s): cpu = 00:00:00.1 ; elapsed = 00:00:00.04 . Memory (MB): peak = 2833.434 ; gain = 0.000 ; free physical = 1209 ; free virtual = 10884

Phase 2.3 Timing Data Collection
Phase 2.3 Timing Data Collection | Checksum: 1eba1c925

Time (s): cpu = 00:00:00.1 ; elapsed = 00:00:00.04 . Memory (MB): peak = 2833.434 ; gain = 0.000 ; free physical = 1209 ; free virtual = 10884
Phase 2 Timer Update And Timing Data Collection | Checksum: 1eba1c925

Time (s): cpu = 00:00:00.1 ; elapsed = 00:00:00.04 . Memory (MB): peak = 2833.434 ; gain = 0.000 ; free physical = 1209 ; free virtual = 10884

Phase 3 Retarget
INFO: [Opt 31-1851] Number of loadless carry chains removed were: 0
INFO: [Opt 31-1834] Total Chains To Be Transformed Were: 0 AND Number of Transformed insts Created are: 0
INFO: [Opt 31-138] Pushed 0 inverter(s) to 0 load pin(s).
INFO: [Opt 31-49] Retargeted 0 cell(s).
Phase 3 Retarget | Checksum: 1eba1c925

Time (s): cpu = 00:00:00.13 ; elapsed = 00:00:00.07 . Memory (MB): peak = 2833.434 ; gain = 0.000 ; free physical = 1210 ; free virtual = 10886
Retarget | Checksum: 1eba1c925
INFO: [Opt 31-389] Phase Retarget created 0 cells and removed 0 cells

Phase 4 Constant propagation
INFO: [Opt 31-138] Pushed 0 inverter(s) to 0 load pin(s).
Phase 4 Constant propagation | Checksum: 1eba1c925

Time (s): cpu = 00:00:00.14 ; elapsed = 00:00:00.09 . Memory (MB): peak = 2833.434 ; gain = 0.000 ; free physical = 1211 ; free virtual = 10887
Constant propagation | Checksum: 1eba1c925
INFO: [Opt 31-389] Phase Constant propagation created 0 cells and removed 0 cells

Phase 5 Sweep
INFO: [Constraints 18-11670] Building netlist checker database with flags, 0x8
Done building netlist checker database: Time (s): cpu = 00:00:00 ; elapsed = 00:00:00 . Memory (MB): peak = 2833.434 ; gain = 0.000 ; free physical = 1213 ; free virtual = 10889
Phase 5 Sweep | Checksum: 26299b756

Time (s): cpu = 00:00:00.16 ; elapsed = 00:00:00.1 . Memory (MB): peak = 2833.434 ; gain = 0.000 ; free physical = 1213 ; free virtual = 10889
Sweep | Checksum: 26299b756
INFO: [Opt 31-389] Phase Sweep created 0 cells and removed 0 cells

Phase 6 BUFG optimization
Phase 6 BUFG optimization | Checksum: 26299b756

Time (s): cpu = 00:00:00.2 ; elapsed = 00:00:00.13 . Memory (MB): peak = 2865.449 ; gain = 32.016 ; free physical = 1213 ; free virtual = 10889
BUFG optimization | Checksum: 26299b756
INFO: [Opt 31-662] Phase BUFG optimization created 0 cells of which 0 are BUFGs and removed 0 cells.

Phase 7 Shift Register Optimization
INFO: [Opt 31-1064] SRL Remap converted 0 SRLs to 0 registers and converted 0 registers of register chains to 0 SRLs
Phase 7 Shift Register Optimization | Checksum: 26299b756

Time (s): cpu = 00:00:00.2 ; elapsed = 00:00:00.13 . Memory (MB): peak = 2865.449 ; gain = 32.016 ; free physical = 1214 ; free virtual = 10890
Shift Register Optimization | Checksum: 26299b756
INFO: [Opt 31-389] Phase Shift Register Optimization created 0 cells and removed 0 cells

Phase 8 Post Processing Netlist
Phase 8 Post Processing Netlist | Checksum: 26299b756

Time (s): cpu = 00:00:00.21 ; elapsed = 00:00:00.14 . Memory (MB): peak = 2865.449 ; gain = 32.016 ; free physical = 1214 ; free virtual = 10890
Post Processing Netlist | Checksum: 26299b756
INFO: [Opt 31-389] Phase Post Processing Netlist created 0 cells and removed 0 cells

Phase 9 Finalization

Phase 9.1 Finalizing Design Cores and Updating Shapes
Phase 9.1 Finalizing Design Cores and Updating Shapes | Checksum: 2aa5af90a

Time (s): cpu = 00:00:00.22 ; elapsed = 00:00:00.15 . Memory (MB): peak = 2865.449 ; gain = 32.016 ; free physical = 1214 ; free virtual = 10890

Phase 9.2 Verifying Netlist Connectivity

Starting Connectivity Check Task

Time (s): cpu = 00:00:00 ; elapsed = 00:00:00 . Memory (MB): peak = 2865.449 ; gain = 0.000 ; free physical = 1214 ; free virtual = 10890
Phase 9.2 Verifying Netlist Connectivity | Checksum: 2aa5af90a

Time (s): cpu = 00:00:00.22 ; elapsed = 00:00:00.15 . Memory (MB): peak = 2865.449 ; gain = 32.016 ; free physical = 1214 ; free virtual = 10890
Phase 9 Finalization | Checksum: 2aa5af90a

Time (s): cpu = 00:00:00.22 ; elapsed = 00:00:00.16 . Memory (MB): peak = 2865.449 ; gain = 32.016 ; free physical = 1214 ; free virtual = 10890
Opt_design Change Summary
=========================


-------------------------------------------------------------------------------------------------------------------------
|  Phase                        |  #Cells created  |  #Cells Removed  |  #Constrained objects preventing optimizations  |
-------------------------------------------------------------------------------------------------------------------------
|  Retarget                     |               0  |               0  |                                              0  |
|  Constant propagation         |               0  |               0  |                                              0  |
|  Sweep                        |               0  |               0  |                                              0  |
|  BUFG optimization            |               0  |               0  |                                              0  |
|  Shift Register Optimization  |               0  |               0  |                                              0  |
|  Post Processing Netlist      |               0  |               0  |                                              0  |
-------------------------------------------------------------------------------------------------------------------------


Ending Logic Optimization Task | Checksum: 2aa5af90a

Time (s): cpu = 00:00:00.23 ; elapsed = 00:00:00.16 . Memory (MB): peak = 2865.449 ; gain = 32.016 ; free physical = 1214 ; free virtual = 10890

Starting Power Optimization Task
INFO: [Pwropt 34-132] Skipping clock gating for clocks with a period < 2.00 ns.
Ending Power Optimization Task | Checksum: 2aa5af90a

Time (s): cpu = 00:00:00.01 ; elapsed = 00:00:00.01 . Memory (MB): peak = 2865.449 ; gain = 0.000 ; free physical = 1214 ; free virtual = 10890

Starting Final Cleanup Task
Ending Final Cleanup Task | Checksum: 2aa5af90a

Time (s): cpu = 00:00:00 ; elapsed = 00:00:00 . Memory (MB): peak = 2865.449 ; gain = 0.000 ; free physical = 1214 ; free virtual = 10890
Netlist sorting complete. Time (s): cpu = 00:00:00 ; elapsed = 00:00:00 . Memory (MB): peak = 2865.449 ; gain = 0.000 ; free physical = 1215 ; free virtual = 10891
INFO: [Common 17-83] Releasing license: Implementation
27 Infos, 1 Warnings, 0 Critical Warnings and 0 Errors encountered.
opt_design completed successfully
opt_design: Time (s): cpu = 00:00:07 ; elapsed = 00:00:06 . Memory (MB): peak = 2865.449 ; gain = 938.762 ; free physical = 1215 ; free virtual = 10891
INFO: [Vivado 12-24828] Executing command : report_drc -file cpu_8bit_top_drc_opted.rpt -pb cpu_8bit_top_drc_opted.pb -rpx cpu_8bit_top_drc_opted.rpx
Command: report_drc -file cpu_8bit_top_drc_opted.rpt -pb cpu_8bit_top_drc_opted.pb -rpx cpu_8bit_top_drc_opted.rpx
INFO: [IP_Flow 19-234] Refreshing IP repositories
INFO: [IP_Flow 19-1704] No user IP repositories specified
INFO: [IP_Flow 19-2313] Loaded Vivado IP repository '/home/thiyanand/Xilinx/2025.2/data/ip'.
INFO: [DRC 23-27] Running DRC with 8 threads
INFO: [Vivado_Tcl 2-168] The results of DRC are in file /home/thiyanand/Documents/XilinxProjects/project_2_8BitCpu/project_2_8BitCpu.runs/impl_1/cpu_8bit_top_drc_opted.rpt.
report_drc completed successfully
INFO: [Timing 38-480] Writing timing data to binary archive.
Wrote PlaceDB: Time (s): cpu = 00:00:00 ; elapsed = 00:00:00 . Memory (MB): peak = 2865.449 ; gain = 0.000 ; free physical = 1218 ; free virtual = 10897
Wrote PulsedLatchDB: Time (s): cpu = 00:00:00 ; elapsed = 00:00:00 . Memory (MB): peak = 2865.449 ; gain = 0.000 ; free physical = 1218 ; free virtual = 10896
Writing XDEF routing.
Write ShapeDB Complete: Time (s): cpu = 00:00:00.03 ; elapsed = 00:00:00 . Memory (MB): peak = 2865.449 ; gain = 0.000 ; free physical = 1218 ; free virtual = 10896
Writing XDEF routing logical nets.
Writing XDEF routing special nets.
Wrote RouteStorage: Time (s): cpu = 00:00:00.08 ; elapsed = 00:00:00.02 . Memory (MB): peak = 2865.449 ; gain = 0.000 ; free physical = 1218 ; free virtual = 10897
Wrote PlaceStorage: Time (s): cpu = 00:00:00.01 ; elapsed = 00:00:00 . Memory (MB): peak = 2865.449 ; gain = 0.000 ; free physical = 1218 ; free virtual = 10897
Wrote Netlist Cache: Time (s): cpu = 00:00:00 ; elapsed = 00:00:00 . Memory (MB): peak = 2865.449 ; gain = 0.000 ; free physical = 1218 ; free virtual = 10897
Wrote Device Cache: Time (s): cpu = 00:00:00.02 ; elapsed = 00:00:00.01 . Memory (MB): peak = 2865.449 ; gain = 0.000 ; free physical = 1217 ; free virtual = 10896
Write Physdb Complete: Time (s): cpu = 00:00:00.12 ; elapsed = 00:00:00.03 . Memory (MB): peak = 2865.449 ; gain = 0.000 ; free physical = 1217 ; free virtual = 10896
INFO: [Common 17-1381] The checkpoint '/home/thiyanand/Documents/XilinxProjects/project_2_8BitCpu/project_2_8BitCpu.runs/impl_1/cpu_8bit_top_opt.dcp' has been generated.
Command: place_design
Attempting to get a license for feature 'Implementation' and/or device 'xc7a35t'
INFO: [Common 17-349] Got license for feature 'Implementation' and/or device 'xc7a35t'
INFO: [Common 17-83] Releasing license: Implementation
INFO: [DRC 23-27] Running DRC with 8 threads
INFO: [Vivado_Tcl 4-198] DRC finished with 0 Errors
INFO: [Vivado_Tcl 4-199] Please refer to the DRC report (report_drc) for more information.
INFO: [Timing 38-35] Done setting XDC timing constraints.
Running DRC as a precondition to command place_design
INFO: [DRC 23-27] Running DRC with 8 threads
INFO: [Vivado_Tcl 4-198] DRC finished with 0 Errors
INFO: [Vivado_Tcl 4-199] Please refer to the DRC report (report_drc) for more information.
INFO: [Place 30-611] Multithreading enabled for place_design using a maximum of 8 CPUs

Starting Placer Task

Phase 1 Placer Initialization

Phase 1.1 Placer Initialization Netlist Sorting
Netlist sorting complete. Time (s): cpu = 00:00:00 ; elapsed = 00:00:00 . Memory (MB): peak = 2865.449 ; gain = 0.000 ; free physical = 1208 ; free virtual = 10886
Phase 1.1 Placer Initialization Netlist Sorting | Checksum: 1b10644f3

Time (s): cpu = 00:00:00 ; elapsed = 00:00:00.01 . Memory (MB): peak = 2865.449 ; gain = 0.000 ; free physical = 1208 ; free virtual = 10886
Netlist sorting complete. Time (s): cpu = 00:00:00 ; elapsed = 00:00:00 . Memory (MB): peak = 2865.449 ; gain = 0.000 ; free physical = 1208 ; free virtual = 10886

Phase 1.2 IO Placement/ Clock Placement/ Build Placer Device
Phase 1.2 IO Placement/ Clock Placement/ Build Placer Device | Checksum: 2158213b9

Time (s): cpu = 00:00:00.94 ; elapsed = 00:00:00.33 . Memory (MB): peak = 2865.449 ; gain = 0.000 ; free physical = 1207 ; free virtual = 10888

Phase 1.3 Build Placer Netlist Model
WARNING: [Place 30-2953] Timing driven mode will be turned off because no critical terminals were found.
Phase 1.3 Build Placer Netlist Model | Checksum: 23bc40207

Time (s): cpu = 00:00:03 ; elapsed = 00:00:00.76 . Memory (MB): peak = 2904.492 ; gain = 39.043 ; free physical = 1207 ; free virtual = 10890

Phase 1.4 Constrain Clocks/Macros
Phase 1.4 Constrain Clocks/Macros | Checksum: 23bc40207

Time (s): cpu = 00:00:03 ; elapsed = 00:00:00.77 . Memory (MB): peak = 2904.492 ; gain = 39.043 ; free physical = 1207 ; free virtual = 10890
Phase 1 Placer Initialization | Checksum: 23bc40207

Time (s): cpu = 00:00:03 ; elapsed = 00:00:00.78 . Memory (MB): peak = 2904.492 ; gain = 39.043 ; free physical = 1206 ; free virtual = 10890

Phase 2 Global Placement

Phase 2.1 Floorplanning
Phase 2.1 Floorplanning | Checksum: 23bc40207

Time (s): cpu = 00:00:03 ; elapsed = 00:00:00.79 . Memory (MB): peak = 2904.492 ; gain = 39.043 ; free physical = 1206 ; free virtual = 10890

Phase 2.2 Update Timing before SLR Path Opt
Phase 2.2 Update Timing before SLR Path Opt | Checksum: 23bc40207

Time (s): cpu = 00:00:03 ; elapsed = 00:00:00.79 . Memory (MB): peak = 2904.492 ; gain = 39.043 ; free physical = 1206 ; free virtual = 10890

Phase 2.3 Post-Processing in Floorplanning
Phase 2.3 Post-Processing in Floorplanning | Checksum: 23bc40207

Time (s): cpu = 00:00:03 ; elapsed = 00:00:00.79 . Memory (MB): peak = 2904.492 ; gain = 39.043 ; free physical = 1206 ; free virtual = 10890

Phase 2.4 Global Place Phase1
Phase 2.4 Global Place Phase1 | Checksum: 2b2deaa8d

Time (s): cpu = 00:00:10 ; elapsed = 00:00:02 . Memory (MB): peak = 2912.496 ; gain = 47.047 ; free physical = 1219 ; free virtual = 10904

Phase 2.5 Global Place Phase2
WARNING: [Place 46-29] Timing had been disabled during Placer and, therefore, physical synthesis in Placer will be skipped.
Phase 2.5 Global Place Phase2 | Checksum: 2c110c344

Time (s): cpu = 00:00:10 ; elapsed = 00:00:02 . Memory (MB): peak = 2912.496 ; gain = 47.047 ; free physical = 1217 ; free virtual = 10902
Phase 2 Global Placement | Checksum: 2c110c344

Time (s): cpu = 00:00:10 ; elapsed = 00:00:02 . Memory (MB): peak = 2912.496 ; gain = 47.047 ; free physical = 1217 ; free virtual = 10902

Phase 3 Detail Placement

Phase 3.1 Commit Multi Column Macros
Phase 3.1 Commit Multi Column Macros | Checksum: 2c110c344

Time (s): cpu = 00:00:10 ; elapsed = 00:00:02 . Memory (MB): peak = 2912.496 ; gain = 47.047 ; free physical = 1217 ; free virtual = 10902

Phase 3.2 Commit Most Macros & LUTRAMs
Phase 3.2 Commit Most Macros & LUTRAMs | Checksum: 27ac50509

Time (s): cpu = 00:00:11 ; elapsed = 00:00:02 . Memory (MB): peak = 2912.496 ; gain = 47.047 ; free physical = 1217 ; free virtual = 10902

Phase 3.3 Area Swap Optimization
Phase 3.3 Area Swap Optimization | Checksum: 1e758704c

Time (s): cpu = 00:00:11 ; elapsed = 00:00:02 . Memory (MB): peak = 2912.496 ; gain = 47.047 ; free physical = 1217 ; free virtual = 10902

Phase 3.4 Pipeline Register Optimization
Phase 3.4 Pipeline Register Optimization | Checksum: 1e758704c

Time (s): cpu = 00:00:11 ; elapsed = 00:00:02 . Memory (MB): peak = 2912.496 ; gain = 47.047 ; free physical = 1217 ; free virtual = 10902

Phase 3.5 Small Shape Detail Placement
Phase 3.5 Small Shape Detail Placement | Checksum: 2fd89aa11

Time (s): cpu = 00:00:13 ; elapsed = 00:00:03 . Memory (MB): peak = 2912.496 ; gain = 47.047 ; free physical = 1213 ; free virtual = 10897

Phase 3.6 Re-assign LUT pins
Phase 3.6 Re-assign LUT pins | Checksum: 29852f005

Time (s): cpu = 00:00:13 ; elapsed = 00:00:03 . Memory (MB): peak = 2912.496 ; gain = 47.047 ; free physical = 1213 ; free virtual = 10897

Phase 3.7 Pipeline Register Optimization
Phase 3.7 Pipeline Register Optimization | Checksum: 29852f005

Time (s): cpu = 00:00:13 ; elapsed = 00:00:03 . Memory (MB): peak = 2912.496 ; gain = 47.047 ; free physical = 1213 ; free virtual = 10897
Phase 3 Detail Placement | Checksum: 29852f005

Time (s): cpu = 00:00:13 ; elapsed = 00:00:03 . Memory (MB): peak = 2912.496 ; gain = 47.047 ; free physical = 1213 ; free virtual = 10897

Phase 4 Post Placement Optimization and Clean-Up

Phase 4.1 Post Commit Optimization
Phase 4.1 Post Commit Optimization | Checksum: 29852f005

Time (s): cpu = 00:00:13 ; elapsed = 00:00:03 . Memory (MB): peak = 2912.496 ; gain = 47.047 ; free physical = 1213 ; free virtual = 10897

Phase 4.2 Post Placement Cleanup
Phase 4.2 Post Placement Cleanup | Checksum: 29852f005

Time (s): cpu = 00:00:13 ; elapsed = 00:00:03 . Memory (MB): peak = 2912.496 ; gain = 47.047 ; free physical = 1213 ; free virtual = 10897

Phase 4.3 Placer Reporting

Phase 4.3.1 Print Estimated Congestion
INFO: [Place 30-612] Post-Placement Estimated Congestion 
 ____________________________________________________
|           | Global Congestion | Short Congestion  |
| Direction | Region Size       | Region Size       |
|___________|___________________|___________________|
|      North|                1x1|                1x1|
|___________|___________________|___________________|
|      South|                1x1|                1x1|
|___________|___________________|___________________|
|       East|                1x1|                1x1|
|___________|___________________|___________________|
|       West|                1x1|                1x1|
|___________|___________________|___________________|

Phase 4.3.1 Print Estimated Congestion | Checksum: 29852f005

Time (s): cpu = 00:00:13 ; elapsed = 00:00:03 . Memory (MB): peak = 2912.496 ; gain = 47.047 ; free physical = 1213 ; free virtual = 10897
Phase 4.3 Placer Reporting | Checksum: 29852f005

Time (s): cpu = 00:00:13 ; elapsed = 00:00:03 . Memory (MB): peak = 2912.496 ; gain = 47.047 ; free physical = 1213 ; free virtual = 10897

Phase 4.4 Final Placement Cleanup
Netlist sorting complete. Time (s): cpu = 00:00:00 ; elapsed = 00:00:00 . Memory (MB): peak = 2912.496 ; gain = 0.000 ; free physical = 1213 ; free virtual = 10897

Time (s): cpu = 00:00:14 ; elapsed = 00:00:03 . Memory (MB): peak = 2912.496 ; gain = 47.047 ; free physical = 1213 ; free virtual = 10897
Phase 4 Post Placement Optimization and Clean-Up | Checksum: 1f25646ed

Time (s): cpu = 00:00:14 ; elapsed = 00:00:03 . Memory (MB): peak = 2912.496 ; gain = 47.047 ; free physical = 1213 ; free virtual = 10897
Ending Placer Task | Checksum: 12496af0a

Time (s): cpu = 00:00:14 ; elapsed = 00:00:03 . Memory (MB): peak = 2912.496 ; gain = 47.047 ; free physical = 1213 ; free virtual = 10897
46 Infos, 3 Warnings, 0 Critical Warnings and 0 Errors encountered.
place_design completed successfully
INFO: [Vivado 12-24838] Running report commands "report_control_sets, report_io, report_utilization" in parallel.
Running report generation with 3 threads.
INFO: [Vivado 12-24828] Executing command : report_control_sets -verbose -file cpu_8bit_top_control_sets_placed.rpt
report_control_sets: Time (s): cpu = 00:00:00.11 ; elapsed = 00:00:00.08 . Memory (MB): peak = 2912.496 ; gain = 0.000 ; free physical = 1199 ; free virtual = 10883
INFO: [Vivado 12-24828] Executing command : report_utilization -file cpu_8bit_top_utilization_placed.rpt -pb cpu_8bit_top_utilization_placed.pb
INFO: [Vivado 12-24828] Executing command : report_io -file cpu_8bit_top_io_placed.rpt
report_io: Time (s): cpu = 00:00:00.18 ; elapsed = 00:00:00.15 . Memory (MB): peak = 2912.496 ; gain = 0.000 ; free physical = 1212 ; free virtual = 10895
INFO: [Timing 38-480] Writing timing data to binary archive.
Wrote PlaceDB: Time (s): cpu = 00:00:00 ; elapsed = 00:00:00 . Memory (MB): peak = 2912.496 ; gain = 0.000 ; free physical = 1211 ; free virtual = 10895
Wrote PulsedLatchDB: Time (s): cpu = 00:00:00 ; elapsed = 00:00:00 . Memory (MB): peak = 2912.496 ; gain = 0.000 ; free physical = 1211 ; free virtual = 10894
Writing XDEF routing.
Write ShapeDB Complete: Time (s): cpu = 00:00:00.03 ; elapsed = 00:00:00.01 . Memory (MB): peak = 2912.496 ; gain = 0.000 ; free physical = 1211 ; free virtual = 10894
Writing XDEF routing logical nets.
Writing XDEF routing special nets.
Wrote RouteStorage: Time (s): cpu = 00:00:00.09 ; elapsed = 00:00:00.02 . Memory (MB): peak = 2912.496 ; gain = 0.000 ; free physical = 1211 ; free virtual = 10894
Wrote PlaceStorage: Time (s): cpu = 00:00:00.24 ; elapsed = 00:00:00.11 . Memory (MB): peak = 2912.496 ; gain = 0.000 ; free physical = 1206 ; free virtual = 10892
Wrote Netlist Cache: Time (s): cpu = 00:00:00 ; elapsed = 00:00:00 . Memory (MB): peak = 2912.496 ; gain = 0.000 ; free physical = 1206 ; free virtual = 10893
Wrote Device Cache: Time (s): cpu = 00:00:00 ; elapsed = 00:00:00 . Memory (MB): peak = 2912.496 ; gain = 0.000 ; free physical = 1206 ; free virtual = 10893
Write Physdb Complete: Time (s): cpu = 00:00:00.34 ; elapsed = 00:00:00.15 . Memory (MB): peak = 2912.496 ; gain = 0.000 ; free physical = 1206 ; free virtual = 10893
INFO: [Common 17-1381] The checkpoint '/home/thiyanand/Documents/XilinxProjects/project_2_8BitCpu/project_2_8BitCpu.runs/impl_1/cpu_8bit_top_placed.dcp' has been generated.
Command: phys_opt_design
Attempting to get a license for feature 'Implementation' and/or device 'xc7a35t'
INFO: [Common 17-349] Got license for feature 'Implementation' and/or device 'xc7a35t'

Starting Initial Update Timing Task
INFO: [Timing 38-35] Done setting XDC timing constraints.

Time (s): cpu = 00:00:01 ; elapsed = 00:00:00.34 . Memory (MB): peak = 2912.496 ; gain = 0.000 ; free physical = 1209 ; free virtual = 10893
INFO: [Vivado_Tcl 4-2279] Estimated Timing Summary | WNS= 7.720 | TNS= 0.000 | 
INFO: [Vivado_Tcl 4-383] Design worst setup slack (WNS) is greater than or equal to 0.000 ns. All physical synthesis setup optimizations will be skipped.
INFO: [Vivado_Tcl 4-232] No setup violation found. The netlist was not modified.
INFO: [Common 17-83] Releasing license: Implementation
58 Infos, 3 Warnings, 0 Critical Warnings and 0 Errors encountered.
phys_opt_design completed successfully
INFO: [Timing 38-480] Writing timing data to binary archive.
Wrote PlaceDB: Time (s): cpu = 00:00:00 ; elapsed = 00:00:00 . Memory (MB): peak = 2912.496 ; gain = 0.000 ; free physical = 1209 ; free virtual = 10893
Wrote PulsedLatchDB: Time (s): cpu = 00:00:00 ; elapsed = 00:00:00 . Memory (MB): peak = 2912.496 ; gain = 0.000 ; free physical = 1209 ; free virtual = 10893
Writing XDEF routing.
Write ShapeDB Complete: Time (s): cpu = 00:00:00.01 ; elapsed = 00:00:00 . Memory (MB): peak = 2912.496 ; gain = 0.000 ; free physical = 1209 ; free virtual = 10893
Writing XDEF routing logical nets.
Writing XDEF routing special nets.
Wrote RouteStorage: Time (s): cpu = 00:00:00.06 ; elapsed = 00:00:00.02 . Memory (MB): peak = 2912.496 ; gain = 0.000 ; free physical = 1209 ; free virtual = 10893
Wrote PlaceStorage: Time (s): cpu = 00:00:00.25 ; elapsed = 00:00:00.11 . Memory (MB): peak = 2912.496 ; gain = 0.000 ; free physical = 1206 ; free virtual = 10893
Wrote Netlist Cache: Time (s): cpu = 00:00:00.01 ; elapsed = 00:00:00 . Memory (MB): peak = 2912.496 ; gain = 0.000 ; free physical = 1204 ; free virtual = 10892
Wrote Device Cache: Time (s): cpu = 00:00:00 ; elapsed = 00:00:00 . Memory (MB): peak = 2912.496 ; gain = 0.000 ; free physical = 1204 ; free virtual = 10892
Write Physdb Complete: Time (s): cpu = 00:00:00.32 ; elapsed = 00:00:00.14 . Memory (MB): peak = 2912.496 ; gain = 0.000 ; free physical = 1204 ; free virtual = 10892
INFO: [Common 17-1381] The checkpoint '/home/thiyanand/Documents/XilinxProjects/project_2_8BitCpu/project_2_8BitCpu.runs/impl_1/cpu_8bit_top_physopt.dcp' has been generated.
Command: route_design
Attempting to get a license for feature 'Implementation' and/or device 'xc7a35t'
INFO: [Common 17-349] Got license for feature 'Implementation' and/or device 'xc7a35t'


Starting Routing Task
INFO: [Route 35-254] Multithreading enabled for route_design using a maximum of 8 CPUs

Phase 1 Build RT Design
Checksum: PlaceDB: 77f97742 ConstDB: 0 ShapeSum: c1bdb71 RouteDB: a0815c57
Post Restoration Checksum: NetGraph: c563e672 | NumContArr: d2a50486 | Constraints: c2a8fa9d | Timing: c2a8fa9d
Phase 1 Build RT Design | Checksum: 31d5ae032

Time (s): cpu = 00:00:12 ; elapsed = 00:00:09 . Memory (MB): peak = 2912.496 ; gain = 0.000 ; free physical = 1210 ; free virtual = 10898

Phase 2 Router Initialization

Phase 2.1 Fix Topology Constraints
Phase 2.1 Fix Topology Constraints | Checksum: 31d5ae032

Time (s): cpu = 00:00:12 ; elapsed = 00:00:09 . Memory (MB): peak = 2912.496 ; gain = 0.000 ; free physical = 1210 ; free virtual = 10898

Phase 2.2 Pre Route Cleanup
Phase 2.2 Pre Route Cleanup | Checksum: 31d5ae032

Time (s): cpu = 00:00:12 ; elapsed = 00:00:09 . Memory (MB): peak = 2912.496 ; gain = 0.000 ; free physical = 1210 ; free virtual = 10898
 Number of Nodes with overlaps = 0

Phase 2.3 Update Timing
Phase 2.3 Update Timing | Checksum: 234f8cdab

Time (s): cpu = 00:00:14 ; elapsed = 00:00:10 . Memory (MB): peak = 2912.496 ; gain = 0.000 ; free physical = 1210 ; free virtual = 10898
INFO: [Route 35-416] Intermediate Timing Summary | WNS=7.627  | TNS=0.000  | WHS=-0.015 | THS=-0.147 |


Phase 2.4 Soft Constraint Pins - Fast Budgeting
Phase 2.4 Soft Constraint Pins - Fast Budgeting | Checksum: 279d23e41

Time (s): cpu = 00:00:14 ; elapsed = 00:00:10 . Memory (MB): peak = 2912.496 ; gain = 0.000 ; free physical = 1209 ; free virtual = 10898

Router Utilization Summary
  Global Vertical Routing Utilization    = 0.00422546 %
  Global Horizontal Routing Utilization  = 0.00377408 %
  Routable Net Status*
  *Does not include unroutable nets such as driverless and loadless.
  Run report_route_status for detailed report.
  Number of Failed Nets               = 2750
    (Failed Nets is the sum of unrouted and partially routed nets)
  Number of Unrouted Nets             = 2747
  Number of Partially Routed Nets     = 3
  Number of Node Overlaps             = 2

Phase 2 Router Initialization | Checksum: 279d23e41

Time (s): cpu = 00:00:15 ; elapsed = 00:00:10 . Memory (MB): peak = 2912.496 ; gain = 0.000 ; free physical = 1209 ; free virtual = 10898

Phase 3 Global Routing
Phase 3 Global Routing | Checksum: 279d23e41

Time (s): cpu = 00:00:15 ; elapsed = 00:00:10 . Memory (MB): peak = 2912.496 ; gain = 0.000 ; free physical = 1209 ; free virtual = 10898

Phase 4 Initial Routing

Phase 4.1 Initial Net Routing Pass
Phase 4.1 Initial Net Routing Pass | Checksum: 29d2694f5

Time (s): cpu = 00:00:16 ; elapsed = 00:00:10 . Memory (MB): peak = 2912.496 ; gain = 0.000 ; free physical = 1213 ; free virtual = 10902
Phase 4 Initial Routing | Checksum: 29d2694f5

Time (s): cpu = 00:00:16 ; elapsed = 00:00:10 . Memory (MB): peak = 2912.496 ; gain = 0.000 ; free physical = 1213 ; free virtual = 10902

Phase 5 Rip-up And Reroute

Phase 5.1 Global Iteration 0
 Number of Nodes with overlaps = 203
 Number of Nodes with overlaps = 0
INFO: [Route 35-416] Intermediate Timing Summary | WNS=7.472  | TNS=0.000  | WHS=N/A    | THS=N/A    |

Phase 5.1 Global Iteration 0 | Checksum: 2183a794d

Time (s): cpu = 00:00:18 ; elapsed = 00:00:11 . Memory (MB): peak = 2912.496 ; gain = 0.000 ; free physical = 1201 ; free virtual = 10900
Phase 5 Rip-up And Reroute | Checksum: 2183a794d

Time (s): cpu = 00:00:18 ; elapsed = 00:00:11 . Memory (MB): peak = 2912.496 ; gain = 0.000 ; free physical = 1201 ; free virtual = 10900

Phase 6 Delay and Skew Optimization

Phase 6.1 Delay CleanUp
Phase 6.1 Delay CleanUp | Checksum: 2183a794d

Time (s): cpu = 00:00:18 ; elapsed = 00:00:11 . Memory (MB): peak = 2912.496 ; gain = 0.000 ; free physical = 1201 ; free virtual = 10900

Phase 6.2 Clock Skew Optimization
Phase 6.2 Clock Skew Optimization | Checksum: 2183a794d

Time (s): cpu = 00:00:18 ; elapsed = 00:00:11 . Memory (MB): peak = 2912.496 ; gain = 0.000 ; free physical = 1201 ; free virtual = 10900
Phase 6 Delay and Skew Optimization | Checksum: 2183a794d

Time (s): cpu = 00:00:18 ; elapsed = 00:00:11 . Memory (MB): peak = 2912.496 ; gain = 0.000 ; free physical = 1201 ; free virtual = 10900

Phase 7 Post Hold Fix

Phase 7.1 Hold Fix Iter
INFO: [Route 35-416] Intermediate Timing Summary | WNS=7.566  | TNS=0.000  | WHS=0.236  | THS=0.000  |

Phase 7.1 Hold Fix Iter | Checksum: 29f754103

Time (s): cpu = 00:00:18 ; elapsed = 00:00:11 . Memory (MB): peak = 2912.496 ; gain = 0.000 ; free physical = 1201 ; free virtual = 10900
Phase 7 Post Hold Fix | Checksum: 29f754103

Time (s): cpu = 00:00:18 ; elapsed = 00:00:11 . Memory (MB): peak = 2912.496 ; gain = 0.000 ; free physical = 1201 ; free virtual = 10900

Phase 8 Route finalize

Router Utilization Summary
  Global Vertical Routing Utilization    = 0.881687 %
  Global Horizontal Routing Utilization  = 1.06884 %
  Routable Net Status*
  *Does not include unroutable nets such as driverless and loadless.
  Run report_route_status for detailed report.
  Number of Failed Nets               = 0
    (Failed Nets is the sum of unrouted and partially routed nets)
  Number of Unrouted Nets             = 0
  Number of Partially Routed Nets     = 0
  Number of Node Overlaps             = 0

Phase 8 Route finalize | Checksum: 29f754103

Time (s): cpu = 00:00:18 ; elapsed = 00:00:11 . Memory (MB): peak = 2912.496 ; gain = 0.000 ; free physical = 1201 ; free virtual = 10900

Phase 9 Verifying routed nets

 Verification completed successfully
Phase 9 Verifying routed nets | Checksum: 29f754103

Time (s): cpu = 00:00:18 ; elapsed = 00:00:11 . Memory (MB): peak = 2912.496 ; gain = 0.000 ; free physical = 1201 ; free virtual = 10900

Phase 10 Depositing Routes
Phase 10 Depositing Routes | Checksum: 2f053e168

Time (s): cpu = 00:00:18 ; elapsed = 00:00:11 . Memory (MB): peak = 2912.496 ; gain = 0.000 ; free physical = 1201 ; free virtual = 10900

Phase 11 Post Process Routing
Phase 11 Post Process Routing | Checksum: 2f053e168

Time (s): cpu = 00:00:18 ; elapsed = 00:00:11 . Memory (MB): peak = 2912.496 ; gain = 0.000 ; free physical = 1201 ; free virtual = 10900

Phase 12 Post Router Timing
INFO: [Route 35-57] Estimated Timing Summary | WNS=7.566  | TNS=0.000  | WHS=0.236  | THS=0.000  |

INFO: [Route 35-327] The final timing numbers are based on the router estimated timing analysis. For a complete and accurate timing signoff, please run report_timing_summary.
Phase 12 Post Router Timing | Checksum: 2f053e168

Time (s): cpu = 00:00:18 ; elapsed = 00:00:11 . Memory (MB): peak = 2912.496 ; gain = 0.000 ; free physical = 1201 ; free virtual = 10900
Total Elapsed time in route_design: 11.42 secs

Phase 13 Post-Route Event Processing
Phase 13 Post-Route Event Processing | Checksum: ef4d9ac8

Time (s): cpu = 00:00:18 ; elapsed = 00:00:11 . Memory (MB): peak = 2912.496 ; gain = 0.000 ; free physical = 1201 ; free virtual = 10900
INFO: [Route 35-16] Router Completed Successfully
Ending Routing Task | Checksum: ef4d9ac8

Time (s): cpu = 00:00:18 ; elapsed = 00:00:11 . Memory (MB): peak = 2912.496 ; gain = 0.000 ; free physical = 1201 ; free virtual = 10900

Routing Is Done.
INFO: [Common 17-83] Releasing license: Implementation
69 Infos, 3 Warnings, 0 Critical Warnings and 0 Errors encountered.
route_design completed successfully
route_design: Time (s): cpu = 00:00:18 ; elapsed = 00:00:12 . Memory (MB): peak = 2912.496 ; gain = 0.000 ; free physical = 1201 ; free virtual = 10900
INFO: [Vivado 12-24828] Executing command : report_drc -file cpu_8bit_top_drc_routed.rpt -pb cpu_8bit_top_drc_routed.pb -rpx cpu_8bit_top_drc_routed.rpx
Command: report_drc -file cpu_8bit_top_drc_routed.rpt -pb cpu_8bit_top_drc_routed.pb -rpx cpu_8bit_top_drc_routed.rpx
INFO: [IP_Flow 19-1839] IP Catalog is up to date.
INFO: [DRC 23-27] Running DRC with 8 threads
INFO: [Vivado_Tcl 2-168] The results of DRC are in file /home/thiyanand/Documents/XilinxProjects/project_2_8BitCpu/project_2_8BitCpu.runs/impl_1/cpu_8bit_top_drc_routed.rpt.
report_drc completed successfully
INFO: [Vivado 12-24828] Executing command : report_methodology -file cpu_8bit_top_methodology_drc_routed.rpt -pb cpu_8bit_top_methodology_drc_routed.pb -rpx cpu_8bit_top_methodology_drc_routed.rpx
Command: report_methodology -file cpu_8bit_top_methodology_drc_routed.rpt -pb cpu_8bit_top_methodology_drc_routed.pb -rpx cpu_8bit_top_methodology_drc_routed.rpx
INFO: [Timing 38-35] Done setting XDC timing constraints.
INFO: [DRC 23-133] Running Methodology with 8 threads
INFO: [Vivado_Tcl 2-1520] The results of Report Methodology are in file /home/thiyanand/Documents/XilinxProjects/project_2_8BitCpu/project_2_8BitCpu.runs/impl_1/cpu_8bit_top_methodology_drc_routed.rpt.
report_methodology completed successfully
INFO: [Vivado 12-24828] Executing command : report_timing_summary -max_paths 10 -routable_nets -report_unconstrained -file cpu_8bit_top_timing_summary_routed.rpt -pb cpu_8bit_top_timing_summary_routed.pb -rpx cpu_8bit_top_timing_summary_routed.rpx -warn_on_violation 
INFO: [Timing 38-35] Done setting XDC timing constraints.
INFO: [Timing 38-91] UpdateTimingParams: Speed grade: -1, Delay Type: min_max.
INFO: [Timing 38-191] Multithreading enabled for timing update using a maximum of 8 CPUs
INFO: [Vivado 12-24838] Running report commands "report_bus_skew, report_incremental_reuse, report_route_status" in parallel.
Running report generation with 3 threads.
INFO: [Vivado 12-24828] Executing command : report_incremental_reuse -file cpu_8bit_top_incremental_reuse_routed.rpt
INFO: [Vivado_Tcl 4-1062] Incremental flow is disabled. No incremental reuse Info to report.
INFO: [Vivado 12-24828] Executing command : report_route_status -file cpu_8bit_top_route_status.rpt -pb cpu_8bit_top_route_status.pb
INFO: [Vivado 12-24828] Executing command : report_bus_skew -warn_on_violation -file cpu_8bit_top_bus_skew_routed.rpt -pb cpu_8bit_top_bus_skew_routed.pb -rpx cpu_8bit_top_bus_skew_routed.rpx
INFO: [Timing 38-91] UpdateTimingParams: Speed grade: -1, Delay Type: min_max.
INFO: [Timing 38-191] Multithreading enabled for timing update using a maximum of 8 CPUs
INFO: [Vivado 12-24828] Executing command : report_power -file cpu_8bit_top_power_routed.rpt -pb cpu_8bit_top_power_summary_routed.pb -rpx cpu_8bit_top_power_routed.rpx
Command: report_power -file cpu_8bit_top_power_routed.rpt -pb cpu_8bit_top_power_summary_routed.pb -rpx cpu_8bit_top_power_routed.rpx
Running Vector-less Activity Propagation...

Finished Running Vector-less Activity Propagation
89 Infos, 3 Warnings, 0 Critical Warnings and 0 Errors encountered.
report_power completed successfully
INFO: [Vivado 12-24828] Executing command : report_clock_utilization -file cpu_8bit_top_clock_utilization_routed.rpt
INFO: [Timing 38-480] Writing timing data to binary archive.
Wrote PlaceDB: Time (s): cpu = 00:00:00 ; elapsed = 00:00:00 . Memory (MB): peak = 2914.531 ; gain = 0.000 ; free physical = 1137 ; free virtual = 10830
Wrote PulsedLatchDB: Time (s): cpu = 00:00:00 ; elapsed = 00:00:00 . Memory (MB): peak = 2914.531 ; gain = 0.000 ; free physical = 1137 ; free virtual = 10830
Writing XDEF routing.
Write ShapeDB Complete: Time (s): cpu = 00:00:00.02 ; elapsed = 00:00:00.01 . Memory (MB): peak = 2914.531 ; gain = 0.000 ; free physical = 1137 ; free virtual = 10830
Writing XDEF routing logical nets.
Writing XDEF routing special nets.
Wrote RouteStorage: Time (s): cpu = 00:00:00.24 ; elapsed = 00:00:00.06 . Memory (MB): peak = 2914.531 ; gain = 0.000 ; free physical = 1135 ; free virtual = 10829
Wrote PlaceStorage: Time (s): cpu = 00:00:00.21 ; elapsed = 00:00:00.12 . Memory (MB): peak = 2914.531 ; gain = 0.000 ; free physical = 1134 ; free virtual = 10830
Wrote Netlist Cache: Time (s): cpu = 00:00:00 ; elapsed = 00:00:00 . Memory (MB): peak = 2914.531 ; gain = 0.000 ; free physical = 1134 ; free virtual = 10830
Wrote Device Cache: Time (s): cpu = 00:00:00.01 ; elapsed = 00:00:00.01 . Memory (MB): peak = 2914.531 ; gain = 0.000 ; free physical = 1133 ; free virtual = 10830
Write Physdb Complete: Time (s): cpu = 00:00:00.46 ; elapsed = 00:00:00.19 . Memory (MB): peak = 2914.531 ; gain = 0.000 ; free physical = 1133 ; free virtual = 10830
INFO: [Common 17-1381] The checkpoint '/home/thiyanand/Documents/XilinxProjects/project_2_8BitCpu/project_2_8BitCpu.runs/impl_1/cpu_8bit_top_routed.dcp' has been generated.
INFO: [Common 17-206] Exiting Vivado at Wed Aug 12 16:17:52 2026...
